{
  "status": "R1_BALANCE_STORED_FLOAT_DIAGNOSTIC",
  "trajectory": "results\\reduction\\r1_full_coupled_v3\\diagnostic_005\\trajectories.npz",
  "chart": "v3",
  "full": {
    "time_index": 200,
    "time_seconds": 1000.0,
    "species_index": 14,
    "species_id": "PO4",
    "max_abs_fsum_residual": 2.749402483459562e-08,
    "exact_stored_float_residual_decimal": "2.74931528097921797949843014663429130450822412967681884765625E-8",
    "stoichiometric_terms": 67
  },
  "reduced": {
    "time_index": 197,
    "time_seconds": 784.2822061337682,
    "species_index": 112,
    "species_id": "CK_ATP",
    "max_abs_fsum_residual": 1.3874811692904387e-06,
    "exact_stored_float_residual_decimal": "-0.0000013874811692904387427915935404598712921142578125",
    "stoichiometric_terms": 5
  }
}
