[警告: 名称不存在或不是目录: D:\BaiduSyncdisk\FACHill\slanCM] 
[警告: 在为表创建变量名称之前，对文件中的列标题进行了修改，以使其成为有效的 MATLAB 标识符。原始列标题保存在 VariableDescriptions 属性中。
将 'VariableNamingRule' 设置为 'preserve' 以使用原始列标题作为表变量名称。] 
init: res 1.036e-08 (scaled 6.278e-13), gscale 1.650e+04

=== A3b closure diagnosis ===
integration outcome: completed without closure loss
t          max|G|sc   min_q      occ_MetRS  occ_GlyRS  free_tRNAf free_tRNAGly free_GlyRS
0.0001067  6.278e-13  1.807e-25  0.4305     0.3108     3.548      3.548      0.03917   
0.0001139  1.167e-13  6.618e-15  0.4299     0.3079     3.547      3.544      0.03877   
0.0001216  1.394e-13  5.849e-14  0.4292     0.3048     3.547      3.541      0.03835   
0.0001298  1.649e-13  2.183e-13  0.4285     0.3015     3.546      3.537      0.0379    
0.0001385  1.940e-13  5.730e-13  0.4277     0.298      3.545      3.533      0.03743   
0.0001478  2.271e-13  1.240e-12  0.4269     0.2944     3.544      3.529      0.03693   
0.0001578  2.648e-13  2.378e-12  0.426      0.2906     3.544      3.525      0.0364    
0.0001684  3.076e-13  4.194e-12  0.4251     0.2866     3.543      3.52       0.03585   
0.0001798  3.562e-13  6.960e-12  0.4241     0.2824     3.542      3.515      0.03527   
0.0001919  4.109e-13  1.103e-11  0.4231     0.278      3.541      3.51       0.03466   
0.0002048  4.725e-13  1.686e-11  0.422      0.2734     3.54       3.505      0.03403   
0.0002186  5.415e-13  2.502e-11  0.4208     0.2685     3.539      3.5        0.03336   
0.0002333  6.172e-13  3.626e-11  0.4195     0.2635     3.538      3.494      0.03267   
0.000249   7.007e-13  5.152e-11  0.4182     0.2582     3.537      3.488      0.03195   
0.0002658  7.925e-13  7.198e-11  0.4168     0.2528     3.536      3.482      0.0312    
0.0002837  8.921e-13  9.912e-11  0.4153     0.2471     3.534      3.475      0.03042   
0.0003028  9.988e-13  1.348e-10  0.4137     0.2412     3.533      3.469      0.02961   
0.0003232  4.974e-17  1.814e-10  0.412      0.235      3.531      3.462      0.02877   
0.0003449  7.132e-17  2.417e-10  0.4103     0.2287     3.53       3.455      0.02791   
0.0003682  9.695e-17  3.195e-10  0.4084     0.2222     3.528      3.447      0.02702   
0.000393   9.056e-17  4.190e-10  0.4064     0.2154     3.526      3.44       0.0261    
0.0004194  1.099e-16  5.460e-10  0.4043     0.2085     3.525      3.432      0.02516   
0.0004477  1.026e-16  7.071e-10  0.402      0.2014     3.523      3.424      0.0242    
0.0004778  1.231e-16  9.108e-10  0.3997     0.1942     3.521      3.416      0.02321   
0.00051    1.239e-16  1.167e-09  0.3972     0.1868     3.518      3.407      0.02221   
0.0005443  1.245e-16  1.489e-09  0.3945     0.1793     3.516      3.399      0.02119   
0.000581   1.487e-16  1.892e-09  0.3918     0.1717     3.514      3.39       0.02016   
0.0006201  1.593e-16  2.395e-09  0.3888     0.164      3.511      3.381      0.01912   
0.0006618  1.385e-16  3.020e-09  0.3858     0.1562     3.508      3.372      0.01807   
0.0007064  1.436e-16  3.795e-09  0.3825     0.1484     3.505      3.364      0.01703   
0.000754   1.440e-16  4.754e-09  0.3791     0.1407     3.502      3.355      0.01598   
0.0008047  1.465e-16  5.937e-09  0.3755     0.1329     3.499      3.346      0.01493   
0.0008589  1.569e-16  7.393e-09  0.3718     0.1253     3.496      3.337      0.0139    
0.0009168  1.409e-16  9.180e-09  0.3678     0.1177     3.493      3.329      0.01288   
0.0009785  1.075e-16  1.137e-08  0.3637     0.1103     3.489      3.32       0.01188   
0.001044   1.173e-16  1.404e-08  0.3594     0.103      3.485      3.312      0.0109    
0.001115   1.568e-16  1.729e-08  0.3549     0.09599    3.481      3.304      0.009956  
0.00119    9.466e-17  2.124e-08  0.3502     0.08921    3.477      3.297      0.009039  
0.00127    1.789e-16  2.603e-08  0.3454     0.0827     3.473      3.289      0.008158  
0.001355   7.450e-17  3.181e-08  0.3403     0.0765     3.469      3.282      0.007318  
0.001447   9.439e-13  3.877e-08  0.335      0.07064    3.464      3.275      0.006522  
0.001544   7.697e-13  4.712e-08  0.3296     0.06514    3.459      3.269      0.005772  
0.001648   6.138e-13  5.711e-08  0.3239     0.06002    3.454      3.263      0.005073  
0.001759   4.734e-13  6.901e-08  0.3181     0.0553     3.449      3.258      0.004425  
0.001878   3.545e-13  8.315e-08  0.312      0.05098    3.444      3.253      0.00383   
0.002004   2.569e-13  9.988e-08  0.3058     0.04708    3.439      3.249      0.00329   
0.002139   1.941e-13  1.196e-07  0.2995     0.04358    3.434      3.245      0.002803  
0.002283   1.871e-13  1.427e-07  0.2929     0.04049    3.428      3.241      0.00237   
0.002437   1.863e-13  1.697e-07  0.2863     0.03778    3.423      3.238      0.001988  
0.002601   1.966e-13  2.011e-07  0.2794     0.03545    3.417      3.235      0.001656  
0.002776   2.058e-13  2.373e-07  0.2725     0.03346    3.411      3.233      0.001371  
0.002963   2.147e-13  2.791e-07  0.2654     0.03179    3.406      3.231      0.00113   
0.003162   2.234e-13  3.268e-07  0.2582     0.03041    3.4        3.23       0.0009289 
0.003375   2.316e-13  3.810e-07  0.251      0.02928    3.394      3.228      0.0007639 
0.003602   2.386e-13  4.423e-07  0.2436     0.02839    3.389      3.227      0.0006307 
0.003845   2.451e-13  5.111e-07  0.2362     0.02768    3.383      3.226      0.0005253 
0.004104   2.508e-13  5.878e-07  0.2287     0.02714    3.378      3.226      0.0004434 
0.00438    2.555e-13  6.727e-07  0.2212     0.02673    3.372      3.225      0.0003811 
0.004675   2.594e-13  7.661e-07  0.2137     0.02642    3.367      3.225      0.0003348 
0.00499    2.625e-13  8.680e-07  0.2062     0.0262     3.362      3.225      0.0003011 
0.005326   2.644e-13  9.783e-07  0.1986     0.02603    3.357      3.225      0.0002774 
0.005685   2.664e-13  1.097e-06  0.1911     0.02591    3.353      3.224      0.0002611 
0.006068   2.671e-13  1.223e-06  0.1836     0.02583    3.348      3.224      0.0002502 
0.006476   2.674e-13  1.357e-06  0.1761     0.02576    3.344      3.224      0.0002433 
0.006912   2.676e-13  1.497e-06  0.1686     0.02571    3.34       3.224      0.0002391 
0.007378   2.670e-13  1.643e-06  0.1611     0.02566    3.337      3.224      0.0002368 
0.007875   2.661e-13  1.793e-06  0.1537     0.02562    3.334      3.224      0.0002356 
0.008405   2.643e-13  1.946e-06  0.1463     0.02559    3.33       3.224      0.0002352 
0.008971   2.631e-13  2.102e-06  0.1389     0.02555    3.328      3.224      0.0002352 
0.009575   2.604e-13  2.259e-06  0.1316     0.02551    3.325      3.224      0.0002356 
0.01022    2.576e-13  2.416e-06  0.1243     0.02547    3.323      3.224      0.0002361 
0.01091    2.534e-13  2.571e-06  0.117      0.02543    3.321      3.224      0.0002367 
0.01164    2.477e-13  2.724e-06  0.1099     0.02539    3.319      3.224      0.0002374 
0.01243    2.421e-13  2.873e-06  0.1028     0.02534    3.317      3.223      0.0002382 
0.01326    2.340e-13  3.017e-06  0.09573    0.02529    3.316      3.223      0.000239  
0.01416    2.248e-13  3.156e-06  0.08881    0.02525    3.315      3.223      0.0002398 
0.01511    2.139e-13  3.288e-06  0.082      0.0252     3.313      3.223      0.0002407 
0.01613    2.009e-13  3.413e-06  0.07535    0.02514    3.312      3.223      0.0002416 
0.01721    1.860e-13  3.530e-06  0.06886    0.02509    3.311      3.222      0.0002426 
0.01837    1.691e-13  3.639e-06  0.06257    0.02503    3.309      3.222      0.0002437 
0.01961    1.521e-13  3.738e-06  0.05651    0.02497    3.308      3.222      0.0002447 
0.02093    1.336e-13  3.828e-06  0.05071    0.02491    3.306      3.221      0.0002458 
0.02234    1.150e-13  3.909e-06  0.04518    0.02485    3.305      3.221      0.000247  
0.02384    9.718e-14  3.978e-06  0.03996    0.02479    3.303      3.22       0.0002482 
0.02545    7.975e-14  4.037e-06  0.03507    0.02472    3.301      3.219      0.0002494 
0.02716    6.388e-14  4.084e-06  0.03054    0.02465    3.299      3.219      0.0002506 
0.02899    5.003e-14  4.119e-06  0.02636    0.02459    3.297      3.218      0.0002519 
0.03094    3.755e-14  4.143e-06  0.02256    0.02452    3.295      3.217      0.0002533 
0.03303    2.706e-14  4.155e-06  0.01914    0.02445    3.293      3.216      0.0002546 
0.03525    1.862e-14  4.155e-06  0.0161     0.02438    3.29       3.215      0.000256  
0.03762    1.298e-14  4.143e-06  0.01343    0.02431    3.287      3.214      0.0002574 
0.04016    8.235e-15  4.119e-06  0.01111    0.02424    3.284      3.212      0.0002589 
0.04286    5.064e-15  4.085e-06  0.009145   0.02417    3.281      3.21       0.0002603 
0.04575    3.284e-15  4.040e-06  0.007495   0.02411    3.277      3.209      0.0002618 
0.04883    1.775e-15  3.985e-06  0.006141   0.02404    3.274      3.207      0.0002632 
0.05212    1.267e-15  3.920e-06  0.005053   0.02398    3.27       3.205      0.0002647 
0.05563    5.492e-16  3.848e-06  0.004202   0.02392    3.266      3.202      0.0002661 
0.05937    1.243e-16  3.767e-06  0.003558   0.02386    3.262      3.199      0.0002676 
0.06337    9.110e-17  3.680e-06  0.003091   0.02381    3.257      3.196      0.000269  
0.06764    3.761e-17  3.586e-06  0.00277    0.02376    3.252      3.193      0.0002705 
0.07219    7.774e-17  3.488e-06  0.002571   0.02372    3.247      3.189      0.0002719 
0.07705    2.947e-18  3.385e-06  0.002468   0.02368    3.242      3.185      0.0002732 
0.08224    1.289e-16  3.278e-06  0.002439   0.02364    3.236      3.181      0.0002746 
0.08778    6.415e-17  3.168e-06  0.002468   0.02362    3.23       3.176      0.0002759 
0.09369    6.302e-17  3.056e-06  0.002539   0.0236     3.224      3.171      0.0002772 
0.1        9.363e-17  2.942e-06  0.002639   0.02358    3.218      3.166      0.0002784 
0.1067     6.025e-17  2.827e-06  0.002761   0.02358    3.211      3.159      0.0002796 
0.1139     8.604e-17  2.712e-06  0.002896   0.02358    3.205      3.153      0.0002808 
0.1216     1.308e-16  2.597e-06  0.00304    0.02358    3.197      3.146      0.0002819 
0.1298     2.180e-18  2.482e-06  0.003189   0.0236     3.19       3.138      0.0002831 
0.1385     7.982e-17  2.369e-06  0.00334    0.02363    3.182      3.13       0.0002842 
0.1478     4.468e-17  2.257e-06  0.003491   0.02366    3.174      3.121      0.0002853 
0.1578     1.929e-16  2.148e-06  0.00364    0.0237     3.166      3.111      0.0002863 
0.1684     5.450e-17  2.042e-06  0.003787   0.02375    3.157      3.1        0.0002874 
0.1798     1.281e-16  1.940e-06  0.00393    0.02381    3.148      3.089      0.0002885 
0.1919     8.290e-18  1.841e-06  0.00407    0.02388    3.139      3.077      0.0002897 
0.2048     4.814e-17  1.747e-06  0.004204   0.02395    3.129      3.064      0.0002908 
0.2186     4.189e-17  1.658e-06  0.004332   0.02404    3.119      3.05       0.000292  
0.2333     8.304e-17  1.574e-06  0.004454   0.02413    3.108      3.035      0.0002933 
0.249      7.887e-17  1.496e-06  0.00457    0.02423    3.097      3.02       0.0002946 
0.2658     2.312e-17  1.424e-06  0.004678   0.02434    3.086      3.003      0.000296  
0.2837     2.080e-17  1.358e-06  0.004779   0.02446    3.074      2.984      0.0002975 
0.3028     4.806e-17  1.298e-06  0.004873   0.0246     3.061      2.965      0.0002992 
0.3232     9.774e-17  1.244e-06  0.004959   0.02474    3.048      2.944      0.0003009 
0.3449     2.368e-16  1.196e-06  0.005038   0.0249     3.035      2.922      0.0003028 
0.3682     8.965e-17  1.154e-06  0.00511    0.02507    3.02       2.898      0.0003049 
0.393      1.494e-16  1.118e-06  0.005175   0.02525    3.005      2.872      0.0003071 
0.4194     1.234e-16  1.087e-06  0.005234   0.02545    2.989      2.845      0.0003095 
0.4477     2.838e-16  1.061e-06  0.005288   0.02567    2.972      2.816      0.0003121 
0.4778     1.987e-16  1.039e-06  0.005336   0.02591    2.954      2.784      0.0003149 
0.51       2.180e-16  1.021e-06  0.00538    0.02617    2.935      2.75       0.000318  
0.5443     2.483e-16  1.006e-06  0.005421   0.02646    2.915      2.714      0.0003214 
0.581      5.397e-16  9.943e-07  0.005459   0.02677    2.894      2.676      0.0003252 
0.6201     4.588e-16  9.850e-07  0.005495   0.02711    2.871      2.634      0.0003293 
0.6618     6.446e-16  9.777e-07  0.005529   0.02749    2.847      2.589      0.0003338 
0.7064     9.202e-16  9.719e-07  0.005563   0.02791    2.822      2.542      0.0003388 
0.754      1.455e-15  9.674e-07  0.005597   0.02838    2.795      2.49       0.0003443 
0.8047     1.821e-15  9.637e-07  0.005632   0.02889    2.766      2.435      0.0003505 
0.8589     2.421e-15  9.607e-07  0.005668   0.02947    2.735      2.375      0.0003573 
0.9168     3.389e-15  9.581e-07  0.005706   0.03012    2.702      2.311      0.000365  
0.9785     5.125e-15  9.557e-07  0.005746   0.03085    2.667      2.242      0.0003737 
1.044      5.125e-15  9.557e-07  0.005746   0.03085    2.667      2.242      0.0003737 
1.115      9.061e-15  9.533e-07  0.005792   0.03173    2.627      2.162      0.0003842 
1.19       1.372e-14  9.508e-07  0.005841   0.03275    2.585      2.076      0.0003962 
1.27       2.157e-14  9.483e-07  0.005893   0.03392    2.54       1.982      0.0004101 
1.355      3.539e-14  9.456e-07  0.00595    0.03529    2.492      1.881      0.0004263 
1.447      5.966e-14  9.427e-07  0.006011   0.03691    2.441      1.771      0.0004454 
1.544      1.043e-13  9.395e-07  0.006077   0.03885    2.386      1.65       0.0004682 
1.648      1.954e-13  9.360e-07  0.006149   0.04121    2.329      1.519      0.0004958 
1.759      3.803e-13  9.321e-07  0.006227   0.04413    2.267      1.374      0.0005298 
1.878      8.055e-13  9.277e-07  0.006312   0.04783    2.202      1.215      0.0005727 
2.004      1.299e-16  9.229e-07  0.006403   0.05265    2.133      1.039      0.000628  
2.139      4.671e-16  9.174e-07  0.006503   0.05909    2.059      0.8442     0.0007011 
2.283      1.678e-15  9.112e-07  0.006611   0.06781    1.981      0.6292     0.000798  
2.4        1.449e-15  9.059e-07  0.0067     0.07602    1.918      0.4536     0.0008869 
2.437      3.111e-13  9.042e-07  0.006728   0.07853    1.899      0.3999     0.0009135 
2.601      1.352e-16  8.961e-07  0.006855   0.08291    1.811      0.1857     0.0009574 
2.776      2.658e-13  8.869e-07  0.006993   0.05456    1.719      0.05062    0.0006423 
2.963      7.830e-16  8.763e-07  0.007141   0.01497    1.621      0.007719   0.000181  
3.162      9.216e-15  8.640e-07  0.007301   0.002827   1.519      0.0008171  3.443e-05 

lowest quasi-steady complexes at the last checkpoint (t=3.162):
  MetRS_AMP                        q=8.6396e-07  (FULL occ 8.5963e-07)
  GlyRS_GlyAMP_PPi                 q=6.4649e-05  (FULL occ 5.5620e-05)
  GlyRS_ATP                        q=1.4535e-04  (FULL occ 1.1491e-04)
  GlyRS_Gly                        q=2.8291e-04  (FULL occ 2.4180e-04)
  MetRS_MetAMP_PPi                 q=2.8397e-04  (FULL occ 2.8580e-04)
  MetRS_Met                        q=3.4666e-04  (FULL occ 3.4929e-04)
  MetRS_ATP                        q=1.4995e-03  (FULL occ 1.5088e-03)
  GlyRS_Gly_ATP                    q=2.3346e-03  (FULL occ 1.9979e-03)
