Integrating full 241-state source with 968 direct extents
Full success=True, nfev=3210, njev=1: The solver successfully reached the end of the integration interval.
Integrating 214 source-general coordinates with 968 direct extents
Reduced success=True, nfev=3254, njev=1: The solver successfully reached the end of the integration interval.
{
  "pass": false,
  "maxima": {
    "species": 1.1450668641097891e-10,
    "rates": 4.199219563101798e-08,
    "direct_extents": 9.862027925556043e-11,
    "class_I": 1.1450668641097891e-10,
    "class_C": 5.649161915303784e-13,
    "resources": 1.1450668641097891e-10,
    "full_balance_absolute": 1.8671286738936033e-10,
    "reduced_balance_absolute": 1.2945396363019675e-10,
    "full_law_absolute": 1.8917489796876907e-10,
    "reduced_law_absolute": 1.3642420526593924e-12
  },
  "physical_domain": {
    "full": {
      "minimum": 0.0,
      "negative_count": 0,
      "numerical_negative_count": 0,
      "domain_failure_count": 0
    },
    "reduced": {
      "minimum": -2.013521544399489e-11,
      "negative_count": 3113,
      "numerical_negative_count": 3095,
      "domain_failure_count": 18
    },
    "retained": {
      "minimum": -9.32482738780135e-13,
      "negative_count": 786,
      "numerical_negative_count": 786,
      "domain_failure_count": 0
    },
    "reconstructed": {
      "minimum": -2.013521544399489e-11,
      "negative_count": 2327,
      "numerical_negative_count": 2309,
      "domain_failure_count": 18
    }
  }
}
