Integrating full 241-state source with 968 direct extents
Full success=True, nfev=1873, njev=1: The solver successfully reached the end of the integration interval.
Integrating 214 source-general coordinates with 968 direct extents
Reduced success=True, nfev=1894, njev=1: The solver successfully reached the end of the integration interval.
{
  "pass": true,
  "maxima": {
    "species": 2.2531310150952777e-10,
    "rates": 1.3099815987516195e-07,
    "direct_extents": 6.786535777791869e-10,
    "class_I": 9.34270022456829e-12,
    "class_C": 9.554527892373774e-11,
    "resources": 3.75077284046436e-12,
    "full_balance_absolute": 6.517808515127399e-11,
    "reduced_balance_absolute": 9.554527892373774e-11,
    "full_law_absolute": 6.548361852765083e-11,
    "reduced_law_absolute": 1.3642420526593924e-12
  },
  "physical_domain": {
    "full": {
      "minimum": 0.0,
      "negative_count": 0,
      "numerical_negative_count": 0,
      "domain_failure_count": 0
    },
    "reduced": {
      "minimum": -1.5621622365647665e-12,
      "negative_count": 3640,
      "numerical_negative_count": 3640,
      "domain_failure_count": 0
    },
    "retained": {
      "minimum": -2.7663538523629266e-13,
      "negative_count": 837,
      "numerical_negative_count": 837,
      "domain_failure_count": 0
    },
    "reconstructed": {
      "minimum": -1.5621622365647665e-12,
      "negative_count": 2803,
      "numerical_negative_count": 2803,
      "domain_failure_count": 0
    }
  }
}
