Integrating full 241-state source with 968 direct extents
Full success=True, nfev=10799, njev=19: The solver successfully reached the end of the integration interval.
Integrating 214 source-general coordinates with 968 direct extents
Reduced success=True, nfev=38723, njev=1032: The solver successfully reached the end of the integration interval.
{
  "pass": false,
  "maxima": {
    "species": 6.107256922405213e-09,
    "rates": 1.0410735740151722e-07,
    "direct_extents": 1.3962388038635254e-05,
    "class_I": 6.107256922405213e-09,
    "class_C": 1.481214206906452e-11,
    "resources": 6.107256922405213e-09,
    "full_balance_absolute": 1.5702340760981315e-08,
    "reduced_balance_absolute": 1.0411895345896482e-08,
    "full_law_absolute": 2.255546860396862e-10,
    "reduced_law_absolute": 1.8189894035458565e-12
  },
  "physical_domain": {
    "full": {
      "minimum": 0.0,
      "negative_count": 0,
      "numerical_negative_count": 0,
      "domain_failure_count": 0
    },
    "reduced": {
      "minimum": -7.84670069843403e-12,
      "negative_count": 2647,
      "numerical_negative_count": 2647,
      "domain_failure_count": 0
    },
    "retained": {
      "minimum": -3.050590105784006e-12,
      "negative_count": 348,
      "numerical_negative_count": 348,
      "domain_failure_count": 0
    },
    "reconstructed": {
      "minimum": -7.84670069843403e-12,
      "negative_count": 2299,
      "numerical_negative_count": 2299,
      "domain_failure_count": 0
    }
  }
}
