Integrating full 241-state source with 968 direct extents
Full success=True, nfev=10799, njev=19: The solver successfully reached the end of the integration interval.
Integrating 214 source-general coordinates with 968 direct extents
Reduced success=True, nfev=19017, njev=286: The solver successfully reached the end of the integration interval.
{
  "pass": false,
  "maxima": {
    "species": 4.426510713528842e-09,
    "rates": 5.186817020330636e-08,
    "direct_extents": 1.3109296560287476e-05,
    "class_I": 4.426510713528842e-09,
    "class_C": 3.900144096569136e-12,
    "resources": 4.426510713528842e-09,
    "full_balance_absolute": 1.5702340760981315e-08,
    "reduced_balance_absolute": 2.3164901108430058e-08,
    "full_law_absolute": 2.255546860396862e-10,
    "reduced_law_absolute": 7.275957614183426e-12
  },
  "physical_domain": {
    "full": {
      "minimum": 0.0,
      "negative_count": 0,
      "numerical_negative_count": 0,
      "domain_failure_count": 0
    },
    "reduced": {
      "minimum": -1.0709717887811833e-12,
      "negative_count": 2464,
      "numerical_negative_count": 2464,
      "domain_failure_count": 0
    },
    "retained": {
      "minimum": -1.7645638078283996e-19,
      "negative_count": 171,
      "numerical_negative_count": 171,
      "domain_failure_count": 0
    },
    "reconstructed": {
      "minimum": -1.0709717887811833e-12,
      "negative_count": 2293,
      "numerical_negative_count": 2293,
      "domain_failure_count": 0
    }
  }
}
