Integrating full 241-state source with 968 direct extents
Full success=True, nfev=3210, njev=1: The solver successfully reached the end of the integration interval.
Integrating 214 source-general coordinates with 968 direct extents
Reduced success=True, nfev=3212, njev=1: The solver successfully reached the end of the integration interval.
{
  "pass": false,
  "maxima": {
    "species": 1.145271427244853e-10,
    "rates": 1.0903022484853864e-07,
    "direct_extents": 4.503704076341819e-10,
    "class_I": 1.9213498927357116e-12,
    "class_C": 1.145271427244853e-10,
    "resources": 1.9213498927357116e-12,
    "full_balance_absolute": 1.5835865951885353e-10,
    "reduced_balance_absolute": 1.1467093941064377e-10,
    "full_law_absolute": 1.6007106751203537e-10,
    "reduced_law_absolute": 1.3642420526593924e-12
  },
  "physical_domain": {
    "full": {
      "minimum": 0.0,
      "negative_count": 0,
      "numerical_negative_count": 0,
      "domain_failure_count": 0
    },
    "reduced": {
      "minimum": -1.145271427244853e-10,
      "negative_count": 2800,
      "numerical_negative_count": 2656,
      "domain_failure_count": 144
    },
    "retained": {
      "minimum": 0.0,
      "negative_count": 0,
      "numerical_negative_count": 0,
      "domain_failure_count": 0
    },
    "reconstructed": {
      "minimum": -1.145271427244853e-10,
      "negative_count": 2800,
      "numerical_negative_count": 2656,
      "domain_failure_count": 144
    }
  }
}
