Integrating full 241-state source with 968 direct extents
Full success=True, nfev=1873, njev=1: The solver successfully reached the end of the integration interval.
Integrating 214 source-general coordinates with 968 direct extents
Reduced success=True, nfev=1894, njev=1: The solver successfully reached the end of the integration interval.
{
  "pass": false,
  "maxima": {
    "species": 2.2513546582558774e-10,
    "rates": 1.3092085282551125e-07,
    "direct_extents": 1.311963870875843e-10,
    "class_I": 9.342630835629251e-12,
    "class_C": 3.839972787180732e-11,
    "resources": 5.332426937076223e-12,
    "full_balance_absolute": 9.408296364199487e-11,
    "reduced_balance_absolute": 3.839972787180732e-11,
    "full_law_absolute": 9.458744898438454e-11,
    "reduced_law_absolute": 1.3642420526593924e-12
  },
  "physical_domain": {
    "full": {
      "minimum": 0.0,
      "negative_count": 0,
      "numerical_negative_count": 0,
      "domain_failure_count": 0
    },
    "reduced": {
      "minimum": -2.2467066549599737e-11,
      "negative_count": 3338,
      "numerical_negative_count": 3301,
      "domain_failure_count": 37
    },
    "retained": {
      "minimum": -1.9227788451775986e-12,
      "negative_count": 997,
      "numerical_negative_count": 997,
      "domain_failure_count": 0
    },
    "reconstructed": {
      "minimum": -2.2467066549599737e-11,
      "negative_count": 2341,
      "numerical_negative_count": 2304,
      "domain_failure_count": 37
    }
  }
}
