[警告: 名称不存在或不是目录: D:\BaiduSyncdisk\FACHill\slanCM] 
[警告: 在为表创建变量名称之前，对文件中的列标题进行了修改，以使其成为有效的 MATLAB 标识符。原始列标题保存在 VariableDescriptions 属性中。
将 'VariableNamingRule' 设置为 'preserve' 以使用原始列标题作为表变量名称。] 
init: res 7.116e-07 (scaled 4.313e-11), gscale 1.650e+04

=== A3b closure diagnosis ===
integration outcome: completed without closure loss
t          max|G|sc   min_q      occ_MetRS  occ_GlyRS  free_tRNAf free_tRNAGly free_GlyRS
0.0001067  1.339e-16  0.000e+00  0.4364     0.3497     3.32       3.225      0.0003308 
0.0001139  8.585e-16  5.167e-10  0.4362     0.3497     3.32       3.225      0.0003309 
0.0001216  6.138e-17  2.202e-09  0.436      0.3497     3.32       3.225      0.000331  
0.0001298  1.360e-16  5.280e-09  0.4358     0.3496     3.32       3.225      0.0003311 
0.0001385  7.273e-17  1.001e-08  0.4356     0.3496     3.32       3.225      0.0003311 
0.0001478  1.444e-16  1.669e-08  0.4354     0.3496     3.32       3.225      0.0003311 
0.0001578  1.386e-16  2.565e-08  0.4352     0.3496     3.32       3.225      0.0003311 
0.0001684  1.003e-16  3.728e-08  0.4349     0.3496     3.32       3.225      0.0003311 
0.0001798  1.992e-16  5.202e-08  0.4346     0.3496     3.32       3.225      0.0003311 
0.0001919  2.501e-16  7.036e-08  0.4343     0.3496     3.32       3.225      0.0003311 
0.0002048  4.427e-17  9.288e-08  0.434      0.3496     3.32       3.225      0.000331  
0.0002186  1.382e-16  1.202e-07  0.4337     0.3495     3.32       3.225      0.000331  
0.0002333  6.893e-17  1.531e-07  0.4334     0.3495     3.32       3.225      0.000331  
0.000249   2.138e-16  1.923e-07  0.433      0.3495     3.32       3.225      0.000331  
0.0002658  1.270e-16  2.388e-07  0.4326     0.3495     3.32       3.225      0.000331  
0.0002837  1.501e-16  2.935e-07  0.4322     0.3495     3.32       3.225      0.0003309 
0.0003028  2.024e-16  3.578e-07  0.4317     0.3494     3.32       3.225      0.0003309 
0.0003232  1.518e-16  4.328e-07  0.4313     0.3494     3.32       3.225      0.0003309 
0.0003449  1.850e-16  5.200e-07  0.4308     0.3494     3.32       3.225      0.0003309 
0.0003682  2.166e-16  6.209e-07  0.4302     0.3494     3.32       3.225      0.0003308 
0.000393   2.784e-16  7.375e-07  0.4296     0.3493     3.32       3.225      0.0003308 
0.0004194  3.460e-16  8.717e-07  0.429      0.3493     3.32       3.225      0.0003308 
0.0004477  3.899e-16  1.026e-06  0.4284     0.3493     3.32       3.225      0.0003307 
0.0004778  4.726e-16  1.202e-06  0.4277     0.3492     3.32       3.225      0.0003307 
0.00051    6.060e-16  1.403e-06  0.427      0.3492     3.32       3.225      0.0003306 
0.0005443  7.158e-16  1.632e-06  0.4262     0.3491     3.32       3.225      0.0003306 
0.000581   8.960e-16  1.892e-06  0.4253     0.3491     3.32       3.225      0.0003306 
0.0006201  1.023e-15  2.187e-06  0.4245     0.3491     3.32       3.225      0.0003305 
0.0006618  1.231e-15  2.386e-06  0.4235     0.349      3.32       3.225      0.0003305 
0.0007064  1.531e-15  2.398e-06  0.4225     0.349      3.32       3.225      0.0003304 
0.000754   2.316e-15  2.411e-06  0.4215     0.3489     3.32       3.225      0.0003303 
0.0008047  2.205e-15  2.425e-06  0.4203     0.3488     3.32       3.225      0.0003303 
0.0008589  2.777e-15  2.439e-06  0.4191     0.3488     3.32       3.225      0.0003302 
0.0009168  3.488e-15  2.455e-06  0.4179     0.3487     3.32       3.225      0.0003301 
0.0009785  4.067e-15  2.471e-06  0.4165     0.3486     3.32       3.225      0.0003301 
0.001044   4.906e-15  2.488e-06  0.4151     0.3486     3.32       3.225      0.00033   
0.001115   5.943e-15  2.506e-06  0.4136     0.3485     3.32       3.225      0.0003299 
0.00119    7.126e-15  2.525e-06  0.412      0.3484     3.32       3.225      0.0003298 
0.00127    8.754e-15  2.546e-06  0.4103     0.3483     3.32       3.225      0.0003297 
0.001355   1.054e-14  2.567e-06  0.4085     0.3482     3.32       3.225      0.0003296 
0.001447   1.245e-14  2.590e-06  0.4066     0.3481     3.32       3.225      0.0003295 
0.001544   1.499e-14  2.614e-06  0.4046     0.348      3.32       3.225      0.0003294 
0.001648   1.830e-14  2.639e-06  0.4025     0.3478     3.32       3.225      0.0003293 
0.001759   2.235e-14  2.665e-06  0.4003     0.3477     3.32       3.225      0.0003291 
0.001878   2.654e-14  2.693e-06  0.3979     0.3476     3.32       3.225      0.000329  
0.002004   3.215e-14  2.722e-06  0.3955     0.3474     3.32       3.225      0.0003288 
0.002139   3.865e-14  2.753e-06  0.3929     0.3473     3.32       3.225      0.0003287 
0.002283   4.655e-14  2.785e-06  0.3901     0.3471     3.319      3.225      0.0003285 
0.002437   5.610e-14  2.819e-06  0.3872     0.3469     3.319      3.225      0.0003284 
0.002601   6.653e-14  2.854e-06  0.3842     0.3467     3.319      3.225      0.0003282 
0.002776   7.993e-14  2.891e-06  0.3811     0.3465     3.319      3.225      0.000328  
0.002963   9.646e-14  2.929e-06  0.3778     0.3463     3.319      3.225      0.0003278 
0.003162   1.138e-13  2.968e-06  0.3743     0.3461     3.319      3.225      0.0003275 
0.003375   1.359e-13  3.010e-06  0.3707     0.3458     3.319      3.225      0.0003273 
0.003602   1.632e-13  3.052e-06  0.3669     0.3456     3.319      3.225      0.000327  
0.003845   1.952e-13  3.097e-06  0.363      0.3453     3.319      3.225      0.0003268 
0.004104   2.293e-13  3.142e-06  0.3589     0.345      3.319      3.225      0.0003265 
0.00438    2.727e-13  3.189e-06  0.3547     0.3447     3.318      3.225      0.0003262 
0.004675   3.245e-13  3.237e-06  0.3503     0.3443     3.318      3.225      0.0003259 
0.00499    3.816e-13  3.286e-06  0.3457     0.344      3.318      3.225      0.0003255 
0.005326   4.543e-13  3.336e-06  0.3411     0.3436     3.318      3.225      0.0003252 
0.005685   5.322e-13  3.387e-06  0.3362     0.3432     3.317      3.225      0.0003248 
0.006068   6.251e-13  3.439e-06  0.3313     0.3428     3.317      3.225      0.0003244 
0.006476   7.312e-13  3.491e-06  0.3262     0.3424     3.317      3.225      0.000324  
0.006912   8.527e-13  3.543e-06  0.321      0.3419     3.317      3.225      0.0003235 
0.007378   9.950e-13  3.595e-06  0.3158     0.3414     3.316      3.225      0.0003231 
0.007875   2.487e-16  3.647e-06  0.3104     0.3409     3.316      3.225      0.0003226 
0.008405   3.078e-16  3.699e-06  0.3049     0.3403     3.315      3.225      0.000322  
0.008971   3.783e-16  3.749e-06  0.2994     0.3397     3.315      3.225      0.0003215 
0.009575   4.678e-16  3.798e-06  0.2939     0.3391     3.314      3.225      0.0003209 
0.01022    5.705e-16  3.845e-06  0.2883     0.3385     3.314      3.225      0.0003203 
0.01091    6.958e-16  3.890e-06  0.2827     0.3378     3.313      3.224      0.0003196 
0.01164    8.478e-16  3.933e-06  0.2772     0.3371     3.312      3.224      0.000319  
0.01243    1.022e-15  3.972e-06  0.2717     0.3363     3.311      3.224      0.0003182 
0.01326    1.237e-15  4.009e-06  0.2662     0.3355     3.311      3.224      0.0003175 
0.01416    1.474e-15  4.041e-06  0.2608     0.3347     3.31       3.224      0.0003167 
0.01511    1.752e-15  4.070e-06  0.2555     0.3338     3.309      3.224      0.0003159 
0.01613    2.073e-15  4.094e-06  0.2503     0.333      3.307      3.223      0.0003151 
0.01721    2.439e-15  4.113e-06  0.2452     0.332      3.306      3.223      0.0003142 
0.01837    2.843e-15  4.127e-06  0.2403     0.3311     3.305      3.223      0.0003133 
0.01961    3.292e-15  4.136e-06  0.2355     0.3301     3.303      3.222      0.0003124 
0.02093    3.783e-15  4.139e-06  0.2308     0.329      3.302      3.222      0.0003114 
0.02234    4.323e-15  4.136e-06  0.2263     0.3279     3.3        3.221      0.0003105 
0.02384    4.886e-15  4.127e-06  0.2219     0.3268     3.298      3.221      0.0003094 
0.02545    5.476e-15  4.113e-06  0.2177     0.3257     3.296      3.22       0.0003084 
0.02716    6.067e-15  4.092e-06  0.2136     0.3245     3.294      3.219      0.0003073 
0.02899    6.676e-15  4.065e-06  0.2097     0.3233     3.292      3.219      0.0003063 
0.03094    7.343e-15  4.033e-06  0.2058     0.3221     3.29       3.218      0.0003052 
0.03303    8.339e-15  3.995e-06  0.202      0.3209     3.287      3.217      0.0003041 
0.03525    9.476e-15  3.951e-06  0.1983     0.3196     3.285      3.216      0.000303  
0.03762    1.078e-14  3.902e-06  0.1947     0.3183     3.282      3.214      0.0003018 
0.04016    1.228e-14  3.848e-06  0.191      0.3171     3.279      3.213      0.0003007 
0.04286    1.400e-14  3.790e-06  0.1874     0.3158     3.276      3.211      0.0002996 
0.04575    1.598e-14  3.727e-06  0.1838     0.3145     3.272      3.209      0.0002985 
0.04883    1.824e-14  3.660e-06  0.1801     0.3132     3.269      3.207      0.0002975 
0.05212    1.824e-14  3.660e-06  0.1801     0.3132     3.269      3.207      0.0002975 
0.05563    2.688e-14  3.585e-06  0.1761     0.3119     3.265      3.205      0.0002964 
0.05937    3.030e-14  3.506e-06  0.1721     0.3105     3.261      3.202      0.0002953 
0.06337    3.405e-14  3.423e-06  0.1679     0.3093     3.256      3.199      0.0002943 
0.06764    3.808e-14  3.337e-06  0.1637     0.308      3.252      3.196      0.0002934 
0.07219    4.231e-14  3.249e-06  0.1594     0.3068     3.247      3.193      0.0002925 
0.07705    4.664e-14  3.158e-06  0.1551     0.3057     3.242      3.189      0.0002918 
0.08224    5.094e-14  3.065e-06  0.1506     0.3046     3.236      3.185      0.0002911 
0.08778    5.505e-14  2.970e-06  0.146      0.3035     3.231      3.18       0.0002905 
0.09369    5.883e-14  2.873e-06  0.1414     0.3026     3.225      3.175      0.0002899 
0.1        6.213e-14  2.775e-06  0.1368     0.3017     3.219      3.169      0.0002895 
0.1067     6.471e-14  2.676e-06  0.1321     0.3009     3.212      3.163      0.0002893 
0.1139     6.643e-14  2.577e-06  0.1273     0.3001     3.206      3.156      0.0002891 
0.1216     6.717e-14  2.477e-06  0.1226     0.2994     3.199      3.149      0.000289  
0.1298     6.680e-14  2.378e-06  0.1178     0.2988     3.191      3.142      0.0002891 
0.1385     6.531e-14  2.279e-06  0.1131     0.2983     3.184      3.133      0.0002892 
0.1478     6.263e-14  2.181e-06  0.1085     0.2978     3.176      3.124      0.0002895 
0.1578     5.888e-14  2.085e-06  0.1039     0.2974     3.168      3.115      0.0002899 
0.1684     5.421e-14  1.991e-06  0.09944    0.297      3.159      3.104      0.0002904 
0.1798     4.879e-14  1.899e-06  0.09509    0.2967     3.15       3.093      0.0002911 
0.1919     4.290e-14  1.810e-06  0.09088    0.2964     3.141      3.081      0.0002918 
0.2048     3.674e-14  1.725e-06  0.08684    0.2961     3.131      3.068      0.0002927 
0.2186     3.060e-14  1.644e-06  0.08298    0.2959     3.121      3.054      0.0002937 
0.2333     2.478e-14  1.567e-06  0.07932    0.2957     3.11       3.039      0.0002948 
0.249      1.947e-14  1.494e-06  0.07588    0.2955     3.099      3.023      0.000296  
0.2658     1.480e-14  1.426e-06  0.07268    0.2953     3.088      3.006      0.0002974 
0.2837     1.087e-14  1.364e-06  0.06972    0.2951     3.076      2.988      0.0002988 
0.3028     7.703e-15  1.306e-06  0.067      0.2949     3.063      2.969      0.0003004 
0.3232     5.243e-15  1.254e-06  0.06454    0.2947     3.05       2.948      0.0003022 
0.3449     3.426e-15  1.208e-06  0.06233    0.2945     3.036      2.926      0.000304  
0.3682     2.149e-15  1.166e-06  0.06037    0.2943     3.022      2.902      0.0003061 
0.393      1.284e-15  1.130e-06  0.05866    0.2941     3.007      2.876      0.0003083 
0.4194     7.346e-16  1.098e-06  0.05717    0.2938     2.991      2.849      0.0003108 
0.4477     9.971e-13  1.071e-06  0.05589    0.2936     2.974      2.819      0.0003134 
0.4778     4.005e-16  1.048e-06  0.05482    0.2933     2.956      2.788      0.0003163 
0.51       4.005e-16  1.048e-06  0.05482    0.2933     2.956      2.788      0.0003163 
0.5443     7.599e-16  1.028e-06  0.05387    0.2929     2.935      2.752      0.0003197 
0.581      1.132e-15  1.011e-06  0.0531     0.2926     2.914      2.714      0.0003234 
0.6201     1.706e-15  9.979e-07  0.0525     0.2921     2.891      2.672      0.0003274 
0.6618     2.607e-15  9.874e-07  0.05202    0.2917     2.867      2.628      0.0003319 
0.7064     4.049e-15  9.792e-07  0.05165    0.2912     2.841      2.58       0.0003369 
0.754      6.363e-15  9.728e-07  0.05137    0.2906     2.814      2.529      0.0003423 
0.8047     1.022e-14  9.677e-07  0.05115    0.29       2.785      2.474      0.0003484 
0.8589     1.671e-14  9.637e-07  0.05098    0.2893     2.754      2.415      0.0003552 
0.9168     2.800e-14  9.603e-07  0.05085    0.2885     2.721      2.351      0.0003629 
0.9785     4.814e-14  9.575e-07  0.05074    0.2876     2.686      2.282      0.0003714 
1.044      8.530e-14  9.549e-07  0.05065    0.2865     2.649      2.208      0.0003812 
1.115      1.564e-13  9.524e-07  0.05056    0.2854     2.609      2.128      0.0003923 
1.19       2.986e-13  9.499e-07  0.05048    0.284      2.567      2.041      0.000405  
1.27       5.971e-13  9.473e-07  0.05039    0.2824     2.522      1.947      0.0004198 
1.355      3.955e-15  9.446e-07  0.0503     0.2805     2.474      1.845      0.0004371 
1.447      1.123e-14  9.416e-07  0.0502     0.2782     2.423      1.733      0.0004576 
1.544      1.123e-14  9.416e-07  0.0502     0.2782     2.423      1.733      0.0004576 
1.648      5.093e-14  9.382e-07  0.05009    0.2753     2.365      1.604      0.0004839 
1.759      1.959e-13  9.343e-07  0.04996    0.2715     2.303      1.462      0.0005164 
1.878      9.046e-13  9.301e-07  0.04982    0.2666     2.238      1.306      0.0005574 
2.004      8.133e-14  9.253e-07  0.04966    0.26       2.168      1.133      0.0006104 
2.139      2.589e-14  9.200e-07  0.04947    0.2506     2.095      0.9414     0.0006813 
2.283      4.468e-14  9.139e-07  0.04926    0.2363     2.017      0.7291     0.0007784 
2.4        4.468e-14  9.139e-07  0.04926    0.2363     2.017      0.7291     0.0007784 
2.4        6.024e-15  9.139e-07  0.04926    0.2363     2.017      0.729      0.0007784 
2.4        1.764e-14  9.139e-07  0.04926    0.2363     2.017      0.729      0.0007784 
2.4        6.294e-15  9.139e-07  0.04926    0.2363     2.017      0.729      0.0007784 
2.4        1.112e-13  9.139e-07  0.04926    0.2363     2.017      0.729      0.0007784 
2.4        1.111e-13  9.139e-07  0.04926    0.2363     2.017      0.729      0.0007784 
2.4        1.114e-13  9.139e-07  0.04926    0.2363     2.017      0.729      0.0007784 
2.4        1.109e-13  9.139e-07  0.04926    0.2362     2.017      0.7289     0.0007784 
2.4        9.924e-13  9.139e-07  0.04926    0.2362     2.016      0.7289     0.0007784 
2.4        9.925e-13  9.139e-07  0.04926    0.2362     2.016      0.7288     0.0007785 
2.4        9.932e-13  9.139e-07  0.04926    0.2362     2.016      0.7288     0.0007785 
2.4        9.938e-13  9.139e-07  0.04926    0.2362     2.016      0.7287     0.0007785 
2.4        7.622e-16  9.139e-07  0.04926    0.2362     2.016      0.7284     0.0007787 
2.401      7.639e-16  9.139e-07  0.04926    0.2362     2.016      0.7281     0.0007788 
2.401      7.621e-16  9.139e-07  0.04926    0.2362     2.016      0.7279     0.000779  
2.401      7.656e-16  9.139e-07  0.04926    0.2361     2.016      0.7276     0.0007791 
2.401      7.028e-15  9.139e-07  0.04926    0.2361     2.016      0.727      0.0007794 
2.402      7.054e-15  9.139e-07  0.04926    0.236      2.016      0.7265     0.0007797 
2.402      7.082e-15  9.138e-07  0.04926    0.236      2.015      0.7259     0.00078   
2.402      7.103e-15  9.138e-07  0.04926    0.236      2.015      0.7253     0.0007802 
2.403      7.122e-15  9.138e-07  0.04926    0.2359     2.015      0.7248     0.0007805 
2.404      4.758e-14  9.138e-07  0.04926    0.2358     2.015      0.7237     0.0007811 
2.404      4.788e-14  9.137e-07  0.04926    0.2357     2.014      0.7227     0.0007816 
2.405      4.819e-14  9.137e-07  0.04926    0.2356     2.014      0.7216     0.0007822 
2.406      4.845e-14  9.137e-07  0.04926    0.2356     2.013      0.7205     0.0007827 
2.406      4.879e-14  9.136e-07  0.04925    0.2355     2.013      0.7195     0.0007833 
2.408      2.223e-13  9.136e-07  0.04925    0.2353     2.012      0.7177     0.0007842 
2.409      2.246e-13  9.135e-07  0.04925    0.2352     2.012      0.7159     0.0007851 
2.41       2.270e-13  9.135e-07  0.04925    0.235      2.011      0.7142     0.000786  
2.411      2.293e-13  9.134e-07  0.04925    0.2349     2.011      0.7124     0.0007869 
2.412      2.317e-13  9.134e-07  0.04925    0.2347     2.01       0.7107     0.0007878 
2.413      2.343e-13  9.133e-07  0.04924    0.2346     2.009      0.7089     0.0007887 
2.415      2.366e-13  9.133e-07  0.04924    0.2344     2.009      0.7071     0.0007896 
2.416      3.596e-13  9.132e-07  0.04924    0.2343     2.008      0.7051     0.0007907 
2.417      3.640e-13  9.132e-07  0.04924    0.2341     2.007      0.7031     0.0007917 
2.419      3.681e-13  9.131e-07  0.04924    0.2339     2.006      0.7011     0.0007928 
2.42       3.728e-13  9.131e-07  0.04923    0.2337     2.006      0.6991     0.0007938 
2.421      3.773e-13  9.130e-07  0.04923    0.2336     2.005      0.697      0.0007949 
2.423      3.817e-13  9.129e-07  0.04923    0.2334     2.004      0.695      0.000796  
2.425      1.055e-15  9.129e-07  0.04923    0.2331     2.003      0.692      0.0007976 
2.427      1.078e-15  9.128e-07  0.04922    0.2329     2.002      0.689      0.0007992 
2.429      1.112e-15  9.127e-07  0.04922    0.2326     2.001      0.686      0.0008008 
2.431      1.140e-15  9.126e-07  0.04922    0.2323     2          0.6829     0.0008024 
2.433      1.184e-15  9.125e-07  0.04921    0.2321     1.999      0.6799     0.000804  
2.435      1.203e-15  9.124e-07  0.04921    0.2318     1.998      0.6769     0.0008056 
2.437      1.003e-15  9.123e-07  0.04921    0.2315     1.997      0.674      0.0008071 
2.601      1.003e-15  9.123e-07  0.04921    0.2315     1.997      0.674      0.0008071 
2.776      7.940e-15  9.044e-07  0.04893    0.1992     1.903      0.4116     0.0009602 
2.963      3.051e-14  8.952e-07  0.04859    0.136      1.803      0.1694     0.001014  

lowest quasi-steady complexes at the last checkpoint (t=2.963):
  MetRS_AMP                        q=8.9522e-07  (FULL occ 2.8532e-03)
  MetRS_tRNAfMetCAU                q=2.6858e-05  (FULL occ 2.6589e-06)
  MetRS_Met_tRNAfMetCAU            q=1.0136e-04  (FULL occ 1.1110e-05)
  MetRS_MetAMP_PPi                 q=2.6981e-04  (FULL occ 5.3360e-02)
  MetRS_MetAMP_PPi_tRNAfMetCAU     q=2.8343e-04  (FULL occ 0.0000e+00)
  MetRS_Met                        q=3.2651e-04  (FULL occ 4.0718e-03)
  MetRS_ATP_tRNAfMetCAU            q=4.0108e-04  (FULL occ 3.8875e-05)
  GlyRS_tRNAGlyGCC                 q=4.5761e-04  (FULL occ 4.3945e-05)
