Integrating full 241-state source with 968 direct extents
Full success=True, nfev=3210, njev=1: The solver successfully reached the end of the integration interval.
Integrating 214 source-general coordinates with 968 direct extents
Reduced success=True, nfev=3256, njev=1: The solver successfully reached the end of the integration interval.
{
  "pass": false,
  "maxima": {
    "species": 4.693875138832987e-11,
    "rates": 4.561479727271944e-08,
    "direct_extents": 1.517488981559378e-10,
    "class_I": 4.693875138832987e-11,
    "class_C": 1.2515767761557252e-12,
    "resources": 4.693875138832987e-11,
    "full_balance_absolute": 1.8671286738936033e-10,
    "reduced_balance_absolute": 8.168052649094821e-11,
    "full_law_absolute": 1.8917489796876907e-10,
    "reduced_law_absolute": 1.3642420526593924e-12
  },
  "physical_domain": {
    "full": {
      "minimum": 0.0,
      "negative_count": 0,
      "numerical_negative_count": 0,
      "domain_failure_count": 0
    },
    "reduced": {
      "minimum": -4.517713952365053e-11,
      "negative_count": 3685,
      "numerical_negative_count": 3614,
      "domain_failure_count": 71
    },
    "retained": {
      "minimum": -7.2197749329466366e-12,
      "negative_count": 1172,
      "numerical_negative_count": 1172,
      "domain_failure_count": 0
    },
    "reconstructed": {
      "minimum": -4.517713952365053e-11,
      "negative_count": 2513,
      "numerical_negative_count": 2442,
      "domain_failure_count": 71
    }
  }
}
