Integrating full 241-state source with 968 direct extents
Full success=True, nfev=13928, njev=14: The solver successfully reached the end of the integration interval.
Integrating 214 source-general coordinates with 968 direct extents
Reduced success=True, nfev=276321, njev=7849: The solver successfully reached the end of the integration interval.
{
  "pass": false,
  "maxima": {
    "species": 5.325972551872837e-09,
    "rates": 6.443724487326108e-08,
    "direct_extents": 2.693384885787964e-06,
    "class_I": 5.325972551872837e-09,
    "class_C": 1.1577184697570203e-11,
    "resources": 5.325972551872837e-09,
    "full_balance_absolute": 3.119203029200435e-08,
    "reduced_balance_absolute": 2.452725311741233e-08,
    "full_law_absolute": 3.055902197957039e-10,
    "reduced_law_absolute": 1.8189894035458565e-12
  },
  "physical_domain": {
    "full": {
      "minimum": 0.0,
      "negative_count": 0,
      "numerical_negative_count": 0,
      "domain_failure_count": 0
    },
    "reduced": {
      "minimum": -1.1577184697570203e-11,
      "negative_count": 2716,
      "numerical_negative_count": 2706,
      "domain_failure_count": 10
    },
    "retained": {
      "minimum": -2.0161000033489597e-12,
      "negative_count": 370,
      "numerical_negative_count": 370,
      "domain_failure_count": 0
    },
    "reconstructed": {
      "minimum": -1.1577184697570203e-11,
      "negative_count": 2346,
      "numerical_negative_count": 2336,
      "domain_failure_count": 10
    }
  }
}
