{"case": "NDK__AUTHOR_BASELINE", "mode": "ORIGINAL_NONEQUILIBRIUM", "status": "SCENARIO_GATES_PASS", "failed": [], "long": {"window": [1, 1000], "max_scaled_free": 2.7284841053187848e-15, "max_scaled_retained": 1.2732925824820995e-15, "max_scaled_bound": 3.4416913763379853e-12, "max_scaled_occupancy": 3.4416913763379853e-12, "normalized_net_flux_rms": 1.0048945704384462e-27, "max_normalized_cumulative_resource_flow": 5.494605124967687e-25, "uncertainty": {"concentration": 3.4560798667371273e-15, "flux": 1.526338867134067e-31, "flow": 1.6943003844748753e-30}}}
{"case": "NDK__AUTHOR_BASELINE", "mode": "PROJECTED_PHYSICAL_CLOSURE", "status": "SCENARIO_GATES_PASS", "failed": [], "long": {"window": [1, 1000], "max_scaled_free": 3.819877747446298e-15, "max_scaled_retained": 1.8189894035458566e-16, "max_scaled_bound": 5.295763827461997e-12, "max_scaled_occupancy": 5.295763827461997e-12, "normalized_net_flux_rms": 5.4322590440332405e-28, "max_normalized_cumulative_resource_flow": 2.8024712334739705e-26, "uncertainty": {"concentration": 4.0017766878008845e-15, "flux": 2.4081682252904996e-28, "flow": 1.5869951509365195e-26}}}
{"case": "NDK__AUTHOR_BASELINE", "wall_seconds": 3.625}
{"case": "NDK__POSITIVE_CHALLENGE", "status": "BLOCKED", "reason": "Negative retained inventory beyond frozen allowance"}
{"case": "NDK__POSITIVE_CHALLENGE", "wall_seconds": 0.46900000000005093}
{"case": "NDK__AUTHOR_CATALYST_HALF", "mode": "ORIGINAL_NONEQUILIBRIUM", "status": "SCENARIO_GATES_PASS", "failed": [], "long": {"window": [1, 1000], "max_scaled_free": 2.0008883439004422e-15, "max_scaled_retained": 5.456968210637569e-16, "max_scaled_bound": 4.71866989926184e-12, "max_scaled_occupancy": 5.242966554735378e-12, "normalized_net_flux_rms": 2.7492704005701493e-28, "max_normalized_cumulative_resource_flow": 1.1708310987045621e-25, "uncertainty": {"concentration": 2.546585164964199e-15, "flux": 1.3538447461188462e-33, "flow": 1.16343364768768e-31}}}
{"case": "NDK__AUTHOR_CATALYST_HALF", "mode": "PROJECTED_PHYSICAL_CLOSURE", "status": "SCENARIO_GATES_PASS", "failed": [], "long": {"window": [1, 1000], "max_scaled_free": 1.0079082560904372e-27, "max_scaled_retained": 1.0202448385733013e-27, "max_scaled_bound": 1.2336582482853312e-29, "max_scaled_occupancy": 1.293109686805287e-29, "normalized_net_flux_rms": 6.93780217241311e-31, "max_normalized_cumulative_resource_flow": 2.5356037469501027e-28, "uncertainty": {"concentration": 2.2211881179143816e-26, "flux": 2.3410275571071976e-28, "flow": 2.2211881179143414e-26}}}
{"case": "NDK__AUTHOR_CATALYST_HALF", "wall_seconds": 2.7029999999999745}
{"case": "NDK__CHALLENGE_CATALYST_HALF", "status": "BLOCKED", "reason": "Negative retained inventory beyond frozen allowance"}
{"case": "NDK__CHALLENGE_CATALYST_HALF", "wall_seconds": 0.43699999999989814}
{"case": "NDK__CHALLENGE_ATP_HALF", "status": "BLOCKED", "reason": "Negative retained inventory beyond frozen allowance"}
{"case": "NDK__CHALLENGE_ATP_HALF", "wall_seconds": 0.6880000000001019}
{"case": "NDK__CHALLENGE_GDP_HALF", "status": "BLOCKED", "reason": "Negative retained inventory beyond frozen allowance"}
{"case": "NDK__CHALLENGE_GDP_HALF", "wall_seconds": 0.43699999999989814}
{"case": "NDK__AUTHOR_CATALYST_DOUBLE", "mode": "ORIGINAL_NONEQUILIBRIUM", "status": "SCENARIO_GATES_PASS", "failed": [], "long": {"window": [1, 1000], "max_scaled_free": 8.185452315956354e-15, "max_scaled_retained": 9.701276818911235e-16, "max_scaled_bound": 5.798694857617193e-12, "max_scaled_occupancy": 5.798694857617193e-12, "normalized_net_flux_rms": 3.327069753979164e-32, "max_normalized_cumulative_resource_flow": 3.666860774219813e-29, "uncertainty": {"concentration": 1.127773430198431e-14, "flux": 1.0415077577843682e-39, "flow": 4.21215993991738e-39}}}
{"case": "NDK__AUTHOR_CATALYST_DOUBLE", "mode": "PROJECTED_PHYSICAL_CLOSURE", "status": "SCENARIO_GATES_PASS", "failed": [], "long": {"window": [1, 1000], "max_scaled_free": 1.3044420126027545e-32, "max_scaled_retained": 1.3113922750978552e-32, "max_scaled_bound": 3.0596769423362226e-34, "max_scaled_occupancy": 2.8856668469774634e-34, "normalized_net_flux_rms": 1.1277063404425701e-34, "max_normalized_cumulative_resource_flow": 1.3111412857004938e-32, "uncertainty": {"concentration": 4.8850467933208526e-30, "flux": 4.3049036923459706e-32, "flow": 4.885046793320794e-30}}}
{"case": "NDK__AUTHOR_CATALYST_DOUBLE", "wall_seconds": 2.625}
{"case": "NDK__CHALLENGE_CATALYST_DOUBLE", "status": "BLOCKED", "reason": "Negative retained inventory beyond frozen allowance"}
{"case": "NDK__CHALLENGE_CATALYST_DOUBLE", "wall_seconds": 0.6720000000000255}
{"case": "NDK__CHALLENGE_ATP_DOUBLE", "status": "BLOCKED", "reason": "Negative retained inventory beyond frozen allowance"}
{"case": "NDK__CHALLENGE_ATP_DOUBLE", "wall_seconds": 0.43800000000010186}
{"case": "NDK__CHALLENGE_GDP_DOUBLE", "status": "BLOCKED", "reason": "Negative retained inventory beyond frozen allowance"}
{"case": "NDK__CHALLENGE_GDP_DOUBLE", "wall_seconds": 0.7649999999998727}
{"case": "NDK__LOW_FUEL", "mode": "ORIGINAL_NONEQUILIBRIUM", "status": "SCENARIO_GATES_PASS", "failed": [], "long": {"window": [1, 1000], "max_scaled_free": 1.80358789180552e-07, "max_scaled_retained": 1.8036203013936504e-07, "max_scaled_bound": 4.6056886699514305e-10, "max_scaled_occupancy": 4.3736360212499725e-10, "normalized_net_flux_rms": 8.000931645249334e-11, "max_normalized_cumulative_resource_flow": 1.803620301261739e-07, "uncertainty": {"concentration": 3.410972073850413e-11, "flux": 4.2547955949790816e-14, "flow": 3.4109697126990156e-11}}}
{"case": "NDK__LOW_FUEL", "mode": "PROJECTED_PHYSICAL_CLOSURE", "status": "SCENARIO_GATES_PASS", "failed": [], "long": {"window": [1, 1000], "max_scaled_free": 4.288603238929927e-08, "max_scaled_retained": 4.288601027783923e-08, "max_scaled_bound": 4.2863737250955736e-10, "max_scaled_occupancy": 4.052608865773916e-10, "normalized_net_flux_rms": 4.71295301670227e-11, "max_normalized_cumulative_resource_flow": 4.288601028024857e-08, "uncertainty": {"concentration": 3.423105573109751e-11, "flux": 4.230511292616794e-14, "flow": 3.42310554901637e-11}}}
{"case": "NDK__LOW_FUEL", "wall_seconds": 4.219000000000051}
{"case": "NDK__PRODUCT_RICH", "mode": "ORIGINAL_NONEQUILIBRIUM", "status": "SCENARIO_GATES_PASS", "failed": [], "long": {"window": [1, 1000], "max_scaled_free": 1.471059212647674e-05, "max_scaled_retained": 1.4710803193729305e-05, "max_scaled_bound": 9.612666835363054e-09, "max_scaled_occupancy": 9.587953764267354e-09, "normalized_net_flux_rms": 1.1261341739834398e-08, "max_normalized_cumulative_resource_flow": 1.471080319350327e-05, "uncertainty": {"concentration": 1.3114913599565625e-09, "flux": 6.421225786464285e-13, "flow": 1.31149260340635e-09}}}
{"case": "NDK__PRODUCT_RICH", "mode": "PROJECTED_PHYSICAL_CLOSURE", "status": "SCENARIO_GATES_PASS", "failed": [], "long": {"window": [1, 1000], "max_scaled_free": 3.506706109490665e-07, "max_scaled_retained": 3.5067066290750403e-07, "max_scaled_bound": 1.6563590005742096e-10, "max_scaled_occupancy": 1.8745197523835816e-10, "normalized_net_flux_rms": 5.430317030350188e-10, "max_normalized_cumulative_resource_flow": 3.5067066272986835e-07, "uncertainty": {"concentration": 1.4149364346849325e-09, "flux": 6.955161196736471e-13, "flow": 1.4149375004990361e-09}}}
{"case": "NDK__PRODUCT_RICH", "wall_seconds": 3.7970000000000255}
{"case": "NDK__COUPLED_RESOURCE_LIMITATION", "mode": "ORIGINAL_NONEQUILIBRIUM", "status": "SCENARIO_GATES_PASS", "failed": [], "long": {"window": [1, 1000], "max_scaled_free": 4.326651660403592e-09, "max_scaled_retained": 4.326678028200427e-09, "max_scaled_bound": 1.7935036172250167e-11, "max_scaled_occupancy": 1.9103730942838914e-11, "normalized_net_flux_rms": 1.9940319316133216e-14, "max_normalized_cumulative_resource_flow": 4.326678043078561e-09, "uncertainty": {"concentration": 3.292468149969826e-11, "flux": 2.1528657294045175e-16, "flow": 3.292466210452606e-11}}}
{"case": "NDK__COUPLED_RESOURCE_LIMITATION", "mode": "PROJECTED_PHYSICAL_CLOSURE", "status": "SCENARIO_GATES_PASS", "failed": [], "long": {"window": [1, 1000], "max_scaled_free": 1.7009545007064098e-10, "max_scaled_retained": 1.6776143745783006e-10, "max_scaled_bound": 2.7078709644949108e-11, "max_scaled_occupancy": 2.0928320804753438e-11, "normalized_net_flux_rms": 3.573114922018583e-14, "max_normalized_cumulative_resource_flow": 1.6776140902763975e-10, "uncertainty": {"concentration": 2.3454741235637597e-11, "flux": 2.3436321835355193e-16, "flow": 2.3454744970111747e-11}}}
{"case": "NDK__COUPLED_RESOURCE_LIMITATION", "wall_seconds": 4.030999999999949}
{"case": "NDK__ZERO_PRODUCT_CORNER", "status": "BLOCKED", "reason": "Positive substrate totals with zero product-form totals force every product complex to zero, but source-positive catalytic forward conversion feeds those states: no stationary physical root."}
{"case": "NDK__ZERO_PRODUCT_CORNER", "wall_seconds": 0.0}
